// Jest Snapshot v1, https://goo.gl/fbAQLP

exports[`estimates clusters for the apatosaurus puzzle in the x-dimension 1`] = `
Array [
  47.5,
  62.06310679611656,
  76.62621359223311,
  91.18932038834967,
  105.75242718446623,
  116.67475728155364,
  131.2378640776702,
  145.80097087378675,
  160.3640776699033,
  171.28640776699075,
  185.84951456310728,
  200.41262135922386,
  214.9757281553404,
  225.89805825242783,
  240.4611650485444,
  255.02427184466094,
  269.5873786407775,
  280.5097087378649,
  295.07281553398144,
  309.635922330098,
  324.1990291262146,
  338.76213592233114,
  353.32524271844767,
]
`;

exports[`estimates clusters for the apatosaurus puzzle in the x-dimension 2`] = `
Array [
  54.78155339805828,
  69.34466019417484,
  83.90776699029139,
  94.83009708737882,
  109.39320388349537,
  123.95631067961193,
  138.5194174757285,
  153.08252427184505,
  164.00485436893246,
  178.567961165049,
  193.13106796116557,
  207.69417475728213,
  218.61650485436954,
  233.1796116504861,
  247.74271844660265,
  262.3058252427192,
  276.8689320388358,
  287.7912621359232,
  302.35436893203973,
  316.9174757281563,
  331.48058252427285,
  346.04368932038943,
]
`;

exports[`estimates clusters for the butterfly puzzle in the x-dimension 1`] = `
Array [
  115.52222222222221,
  155.6333333333333,
  195.7444444444444,
  243.87777777777768,
  283.98888888888877,
  332.12222222222204,
  372.2333333333331,
  412.3444444444442,
  460.47777777777753,
  500.5888888888886,
  540.6999999999997,
  588.833333333333,
  628.9444444444441,
  669.0555555555552,
  717.1888888888885,
  757.2999999999996,
  805.4333333333329,
]
`;

exports[`estimates clusters for the butterfly puzzle in the x-dimension 2`] = `
Array [
  131.56666666666666,
  179.69999999999993,
  219.81111111111102,
  267.94444444444434,
  308.05555555555543,
  348.1666666666665,
  396.2999999999998,
  436.41111111111087,
  476.52222222222196,
  524.6555555555553,
  564.7666666666664,
  604.8777777777775,
  653.0111111111108,
  693.1222222222219,
  741.2555555555551,
  781.3666666666662,
]
`;

exports[`estimates clusters for the butterfly puzzle in the y-dimension 1`] = `
Array [
  217.5,
  255.08888888888896,
  305.20740740740763,
  342.7962962962966,
  380.38518518518555,
  417.9740740740745,
  468.0925925925932,
  505.68148148148214,
  543.2703703703711,
  580.85925925926,
  630.9777777777788,
  668.5666666666677,
  706.1555555555567,
]
`;

exports[`estimates clusters for the butterfly puzzle in the y-dimension 2`] = `
Array [
  230.02962962962965,
  280.14814814814827,
  317.7370370370373,
  355.32592592592624,
  405.44444444444485,
  443.0333333333338,
  480.62222222222283,
  518.2111111111118,
  568.3296296296304,
  605.9185185185195,
  643.5074074074084,
  693.625925925927,
]
`;

exports[`estimates clusters for the cereal puzzle in the x-dimension 1`] = `
Array [
  125,
  250.86259541984774,
  355.74809160305415,
  481.61068702290186,
  607.4732824427497,
  712.3587786259561,
  838.2213740458038,
  943.1068702290103,
  1068.969465648858,
  1173.8549618320644,
  1278.7404580152709,
  1404.6030534351187,
  1509.4885496183251,
  1614.3740458015316,
  1740.2366412213794,
  1845.1221374045858,
  1970.9847328244334,
  2075.8702290076403,
  2180.7557251908465,
  2306.6183206106944,
  2411.503816793901,
  2516.3893129771072,
  2642.251908396955,
]
`;

exports[`estimates clusters for the cereal puzzle in the x-dimension 2`] = `
Array [
  187.93129770992388,
  292.81679389313035,
  418.67938931297806,
  544.5419847328258,
  649.4274809160322,
  775.29007633588,
  901.1526717557277,
  1006.0381679389341,
  1110.9236641221407,
  1236.7862595419883,
  1341.6717557251948,
  1446.5572519084012,
  1572.419847328249,
  1677.3053435114555,
  1782.190839694662,
  1908.0534351145097,
  2012.9389312977162,
  2138.8015267175642,
  2243.6870229007704,
  2348.572519083977,
  2474.435114503825,
  2579.320610687031,
]
`;

exports[`estimates clusters for the cereal puzzle in the y-dimension 1`] = `
Array [
  184,
  274.5496183206107,
  365.0992366412214,
  455.6488549618321,
  546.1984732824428,
  606.5648854961833,
  697.114503816794,
]
`;

exports[`estimates clusters for the cereal puzzle in the y-dimension 2`] = `
Array [
  244.3664122137405,
  304.7328244274809,
  395.2824427480917,
  485.83206106870233,
  576.3816793893131,
  666.9312977099237,
]
`;

exports[`estimates clusters for the chemical elements puzzle in the x-dimension 1`] = `
Array [
  73.4978813559322,
  85.49152542372877,
  97.48516949152535,
  109.47881355932194,
  125.47033898305071,
  137.46398305084728,
  149.45762711864387,
  161.45127118644047,
  177.44279661016924,
  189.4364406779658,
  201.43008474576237,
  217.42161016949115,
  229.41525423728774,
  241.40889830508434,
  253.4025423728809,
  269.39406779660965,
  281.38771186440624,
  293.38135593220284,
  309.3728813559316,
  321.3665254237282,
  333.36016949152474,
  345.35381355932134,
  361.3453389830501,
  373.3389830508467,
  385.3326271186433,
  401.3241525423721,
  413.31779661016867,
  425.3114406779652,
]
`;

exports[`estimates clusters for the chemical elements puzzle in the x-dimension 2`] = `
Array [
  77.49576271186439,
  89.48940677966097,
  105.48093220338974,
  117.47457627118632,
  129.46822033898292,
  145.4597457627117,
  157.45338983050826,
  169.44703389830482,
  181.44067796610142,
  197.4322033898302,
  209.4258474576268,
  221.41949152542335,
  237.41101694915213,
  249.4046610169487,
  261.3983050847453,
  273.3919491525419,
  289.38347457627066,
  301.3771186440672,
  313.3707627118638,
  329.36228813559256,
  341.35593220338916,
  353.34957627118575,
  365.3432203389823,
  381.3347457627111,
  393.32838983050766,
  405.32203389830426,
  417.31567796610085,
]
`;

exports[`estimates clusters for the chemical elements puzzle in the y-dimension 1`] = `
Array [
  56,
  70.79237288135596,
  80.65395480225993,
  95.44632768361589,
  110.23870056497185,
  120.10028248587582,
  134.89265536723178,
  144.75423728813576,
  159.54661016949171,
  174.33898305084767,
  184.20056497175165,
  198.9929378531076,
  213.78531073446356,
  223.64689265536754,
  238.4392655367235,
  253.23163841807946,
  263.09322033898343,
  277.8855932203394,
  292.67796610169535,
  302.5395480225993,
  317.3319209039553,
  332.12429378531124,
  341.9858757062152,
  356.77824858757117,
  371.57062146892713,
  381.4322033898311,
  396.22457627118706,
  406.08615819209103,
]
`;

exports[`estimates clusters for the chemical elements puzzle in the y-dimension 2`] = `
Array [
  60.930790960451986,
  75.72316384180795,
  90.5155367231639,
  100.37711864406788,
  115.16949152542384,
  129.9618644067798,
  139.82344632768377,
  154.61581920903973,
  169.4081920903957,
  179.26977401129966,
  194.06214689265562,
  203.9237288135596,
  218.71610169491555,
  233.5084745762715,
  243.37005649717548,
  258.16242937853144,
  272.9548022598874,
  282.8163841807914,
  297.60875706214733,
  307.4703389830513,
  322.26271186440727,
  337.0550847457632,
  351.8474576271192,
  361.70903954802316,
  376.5014124293791,
  386.3629943502831,
  401.15536723163905,
]
`;

exports[`estimates clusters for the dog puzzle in the x-dimension 1`] = `
Array [
  76.51020408163265,
  109.06122448979585,
  141.61224489795904,
  174.16326530612224,
  206.7142857142855,
  245.77551020408134,
  278.32653061224454,
  310.87755102040774,
  349.9387755102036,
  382.4897959183668,
  415.04081632653,
  454.1020408163259,
  493.16326530612173,
  525.714285714285,
]
`;

exports[`estimates clusters for the dog puzzle in the x-dimension 2`] = `
Array [
  89.53061224489792,
  122.08163265306113,
  161.142857142857,
  193.6938775510202,
  226.2448979591834,
  258.7959183673466,
  297.85714285714243,
  330.40816326530563,
  362.9591836734689,
  402.02040816326473,
  434.57142857142793,
  473.6326530612238,
  506.183673469387,
]
`;

exports[`estimates clusters for the dog puzzle in the y-dimension 1`] = `
Array [
  131.22959183673467,
  184.87755102040805,
  238.5255102040814,
  292.17346938775484,
  356.5510204081628,
  410.1989795918362,
  463.84693877550956,
]
`;

exports[`estimates clusters for the dog puzzle in the y-dimension 2`] = `
Array [
  152.68877551020404,
  217.06632653061206,
  270.71428571428544,
  324.3622448979588,
  378.0102040816322,
  442.38775510204016,
]
`;

exports[`estimates clusters for the easter egg puzzle in the x-dimension 1`] = `
Array [
  97,
  135.08333333333326,
  166.81944444444431,
  198.5555555555554,
  236.63888888888866,
  268.3749999999997,
  306.458333333333,
  338.194444444444,
  369.9305555555551,
  408.01388888888835,
  439.74999999999943,
  477.8333333333327,
]
`;

exports[`estimates clusters for the easter egg puzzle in the x-dimension 2`] = `
Array [
  116.04166666666663,
  147.7777777777777,
  185.86111111111097,
  217.59722222222203,
  255.6805555555553,
  287.41666666666634,
  319.1527777777774,
  357.23611111111063,
  388.9722222222217,
  427.055555555555,
  458.79166666666606,
]
`;

exports[`estimates clusters for the easter egg puzzle in the y-dimension 1`] = `
Array [
  41.5,
  75.41666666666664,
  109.3333333333333,
  143.24999999999994,
  177.16666666666657,
  211.08333333333326,
  244.9999999999999,
  278.9166666666665,
  312.8333333333332,
  346.74999999999983,
  380.66666666666646,
  414.58333333333314,
  448.4999999999998,
  482.41666666666646,
  516.3333333333331,
]
`;

exports[`estimates clusters for the easter egg puzzle in the y-dimension 2`] = `
Array [
  58.45833333333333,
  92.37499999999997,
  126.29166666666661,
  160.20833333333326,
  194.12499999999994,
  228.04166666666657,
  261.9583333333332,
  295.8749999999999,
  329.7916666666665,
  363.70833333333314,
  397.62499999999983,
  431.54166666666646,
  465.4583333333331,
  499.3749999999997,
]
`;

exports[`estimates clusters for the frozen puzzle in the x-dimension 1`] = `
Array [
  58,
  106.99999999999997,
  155.99999999999994,
  195.19999999999993,
  234.39999999999992,
  283.39999999999986,
  322.59999999999985,
  361.79999999999984,
  410.79999999999984,
  449.9999999999998,
  498.9999999999998,
  538.1999999999997,
  577.3999999999997,
  616.5999999999997,
  665.5999999999997,
]
`;

exports[`estimates clusters for the frozen puzzle in the x-dimension 2`] = `
Array [
  87.39999999999999,
  126.59999999999998,
  175.59999999999997,
  214.7999999999999,
  263.7999999999999,
  302.9999999999999,
  342.1999999999999,
  391.1999999999998,
  430.3999999999998,
  479.3999999999998,
  518.5999999999998,
  557.7999999999997,
  596.9999999999998,
  645.9999999999997,
]
`;

exports[`estimates clusters for the frozen puzzle in the y-dimension 1`] = `
Array [
  178,
  213.30000000000007,
  248.60000000000016,
  295.66666666666697,
  330.96666666666704,
  366.2666666666671,
  401.5666666666672,
  448.63333333333395,
  483.9333333333341,
  519.2333333333341,
  554.5333333333342,
  589.8333333333343,
  636.9000000000011,
  672.2000000000012,
  707.5000000000013,
]
`;

exports[`estimates clusters for the frozen puzzle in the y-dimension 2`] = `
Array [
  201.5333333333334,
  236.83333333333348,
  272.13333333333355,
  307.4333333333336,
  354.5000000000004,
  389.8000000000005,
  425.1000000000006,
  460.40000000000066,
  495.7000000000007,
  542.7666666666676,
  578.0666666666676,
  613.3666666666677,
  648.6666666666678,
  695.7333333333346,
]
`;
